A51 MACRO ASSEMBLER  ADDITION                                                             08/15/2025 17:36:36 PAGE     1


MACRO ASSEMBLER A51 V8.2.7.0
OBJECT MODULE PLACED IN .\Objects\addition.obj
ASSEMBLER INVOKED BY: C:\Keil_v5\C51\BIN\A51.EXE addition.a51 SET(SMALL) DEBUG PRINT(.\Listings\addition.lst) OBJECT(.\O
                      bjects\addition.obj) EP

LOC  OBJ            LINE     SOURCE

0000                   1     ORG 0000H 
0000 7417              2             MOV A , #17H 
0002 2412              3             ADD A , #12H 
0004 F555              4             MOV 55H , A 
0006 7412              5             MOV A , #12H 
0008 3415              6             ADDC A , #15H 
000A F556              7             MOV 56H , A 
                       8             END 
                                             
A51 MACRO ASSEMBLER  ADDITION                                                             08/15/2025 17:36:36 PAGE     2

SYMBOL TABLE LISTING
------ ----- -------


N A M E             T Y P E  V A L U E   ATTRIBUTES



REGISTER BANK(S) USED: 0 


ASSEMBLY COMPLETE.  0 WARNING(S), 0 ERROR(S)
